Pytest: 74 passed
